════════════════════════════════════════════════════════════════
  TUNNELBAU  –  2-D FEM (EVZ, linear-elastisch)
════════════════════════════════════════════════════════════════
  Netz … OK  (3,948 Elemente  |  2,060 Knoten  |  P2)
  Systemaufstellung & Lösung … OK
  max|ux| = 3.6201 mm   |   max|uy| = 5.1649 mm
  Spannungsauswertung … OK
  Ergebnisse schreiben … OK
  Schnittgrößen aus Verformung (Ringkinematik) … OK
     N(θ):  -1574.7 …   -883.7  kN/m
     M(θ):   -223.2 …    228.5  kNm/m
     → /home/fenics/project/results/benchmark_fem/lauf_26/schnittgroessen_ring.csv
     → /home/fenics/project/results/benchmark_fem/lauf_26/schnittgroessen_ring.png

════════════════════════════════════════════════════════════════
  ERGEBNISSE  –  ÜBERSICHT
════════════════════════════════════════════════════════════════
  Geometrie  : 50×50 m | Achse (25|-34) m | D = 5 m | t = 0.36 m
  Netz       : 3,948 Elemente  |  2,060 Knoten  (P2)

  ── Verschiebungen  Δu  (NUR aus Tunneleinbau, K0-Verfahren) ────────
     max|ux|  =     3.6201 mm
     max|uy|  =     5.1649 mm   ← dominante Setzungskomponente
     K0 (Jaky) = 0.4554   [1 – sin(33.0°)]

  ── Betonschale  ─────────────────────────────────────────────────────
     |σ_θθ|_max  =   13573.3  kN/m²  (Tangentialspannung)
     N_Mittel    ≈   -1270.6  kN/m   (Normalkraft, Membrananteil, aus σ_θθ)
     σ_vM,max    =    12.304  MPa

  ── Schnittgrößen aus Verformung  (Ringkinematik, Abschn. 11)  ───────
     M(θ)  =    -223.2 kNm/m  bei θ=270.0°   …      228.5 kNm/m  bei θ=359.0°
     N(θ)  =   -1574.7  kN/m  bei θ=357.0°   …     -883.7  kN/m  bei θ= 90.0°
     (θ = 0° bei x=x_Achse, mathematisch positiv; EA=12.75 GN/m, EI=137.70 MNm²/m)

  ── Boden  –  Mohr-Coulomb  ──────────────────────────────────────────
     η_max = 0.999  ✓  Boden bleibt im elastischen Bereich.

  ── Ergebnisdateien  (in ParaView öffnen)  ───────────────────────────
     /home/fenics/project/results/benchmark_fem/lauf_26/disp.xdmf
     /home/fenics/project/results/benchmark_fem/lauf_26/sigma_xx.xdmf
     /home/fenics/project/results/benchmark_fem/lauf_26/sigma_yy.xdmf
     /home/fenics/project/results/benchmark_fem/lauf_26/sigma_xx_gesamt.xdmf
     /home/fenics/project/results/benchmark_fem/lauf_26/sigma_yy_gesamt.xdmf
     /home/fenics/project/results/benchmark_fem/lauf_26/tau_xy.xdmf
     /home/fenics/project/results/benchmark_fem/lauf_26/sigma_zz.xdmf
     /home/fenics/project/results/benchmark_fem/lauf_26/sigma_vMises.xdmf
     /home/fenics/project/results/benchmark_fem/lauf_26/sigma_tangential.xdmf
     /home/fenics/project/results/benchmark_fem/lauf_26/sigma_radial.xdmf
     /home/fenics/project/results/benchmark_fem/lauf_26/MC_Ausnutzung.xdmf
     /home/fenics/project/results/benchmark_fem/lauf_26/Material_ID.xdmf
     /home/fenics/project/results/benchmark_fem/lauf_26/schnittgroessen_ring.csv
     /home/fenics/project/results/benchmark_fem/lauf_26/schnittgroessen_ring.png

  Tipp ParaView: File → Open → Mehrere .xdmf gleichzeitig laden,
  dann 'Warp by Vector' (Faktor ~200) für Verformungsdarstellung.
  Material_ID: 1=Boden | 2=Betonschale | 3=Hohlraum
════════════════════════════════════════════════════════════════
  Zeiten [s]: {'netz': 0.116, 'aufbau_und_loesen': 0.793, 'spannungen_mohr_coulomb': 0.476, 'paraview_export': 0.598, 'schnittgroessen_und_ausgabe': 0.37, 'gesamt_im_skript': 2.354}
