════════════════════════════════════════════════════════════════
  TUNNELBAU  –  2-D FEM (EVZ, linear-elastisch)
════════════════════════════════════════════════════════════════
  Netz … OK  (4,148 Elemente  |  2,161 Knoten  |  P2)
  Systemaufstellung & Lösung … OK
  max|ux| = 0.5680 mm   |   max|uy| = 2.2654 mm
  Spannungsauswertung … OK
  Ergebnisse schreiben … OK
  Schnittgrößen aus Verformung (Ringkinematik) … OK
     N(θ):   -588.3 …   -336.4  kN/m
     M(θ):    -86.6 …     88.1  kNm/m
     → /home/fenics/project/results/benchmark_fem/lauf_07/schnittgroessen_ring.csv
     → /home/fenics/project/results/benchmark_fem/lauf_07/schnittgroessen_ring.png

════════════════════════════════════════════════════════════════
  ERGEBNISSE  –  ÜBERSICHT
════════════════════════════════════════════════════════════════
  Geometrie  : 50×50 m | Achse (25|-12) m | D = 5 m | t = 0.48 m
  Netz       : 4,148 Elemente  |  2,161 Knoten  (P2)

  ── Verschiebungen  Δu  (NUR aus Tunneleinbau, K0-Verfahren) ────────
     max|ux|  =     0.5680 mm
     max|uy|  =     2.2654 mm   ← dominante Setzungskomponente
     K0 (Jaky) = 0.5538   [1 – sin(26.5°)]

  ── Betonschale  ─────────────────────────────────────────────────────
     |σ_θθ|_max  =    3271.7  kN/m²  (Tangentialspannung)
     N_Mittel    ≈    -497.1  kN/m   (Normalkraft, Membrananteil, aus σ_θθ)
     σ_vM,max    =     2.961  MPa

  ── Schnittgrößen aus Verformung  (Ringkinematik, Abschn. 11)  ───────
     M(θ)  =     -86.6 kNm/m  bei θ=270.0°   …       88.1 kNm/m  bei θ=183.0°
     N(θ)  =    -588.3  kN/m  bei θ=193.0°   …     -336.4  kN/m  bei θ= 90.0°
     (θ = 0° bei x=x_Achse, mathematisch positiv; EA=17.00 GN/m, EI=326.40 MNm²/m)

  ── Boden  –  Mohr-Coulomb  ──────────────────────────────────────────
     η_max = 1.010  ⚠  FLIESSGRENZE ÜBERSCHRITTEN!
             Linear-elastisches Modell nicht ausreichend.
             → Elastoplastisches Modell (MC-Return-Mapping) nötig.

  ── Ergebnisdateien  (in ParaView öffnen)  ───────────────────────────
     /home/fenics/project/results/benchmark_fem/lauf_07/disp.xdmf
     /home/fenics/project/results/benchmark_fem/lauf_07/sigma_xx.xdmf
     /home/fenics/project/results/benchmark_fem/lauf_07/sigma_yy.xdmf
     /home/fenics/project/results/benchmark_fem/lauf_07/sigma_xx_gesamt.xdmf
     /home/fenics/project/results/benchmark_fem/lauf_07/sigma_yy_gesamt.xdmf
     /home/fenics/project/results/benchmark_fem/lauf_07/tau_xy.xdmf
     /home/fenics/project/results/benchmark_fem/lauf_07/sigma_zz.xdmf
     /home/fenics/project/results/benchmark_fem/lauf_07/sigma_vMises.xdmf
     /home/fenics/project/results/benchmark_fem/lauf_07/sigma_tangential.xdmf
     /home/fenics/project/results/benchmark_fem/lauf_07/sigma_radial.xdmf
     /home/fenics/project/results/benchmark_fem/lauf_07/MC_Ausnutzung.xdmf
     /home/fenics/project/results/benchmark_fem/lauf_07/Material_ID.xdmf
     /home/fenics/project/results/benchmark_fem/lauf_07/schnittgroessen_ring.csv
     /home/fenics/project/results/benchmark_fem/lauf_07/schnittgroessen_ring.png

  Tipp ParaView: File → Open → Mehrere .xdmf gleichzeitig laden,
  dann 'Warp by Vector' (Faktor ~200) für Verformungsdarstellung.
  Material_ID: 1=Boden | 2=Betonschale | 3=Hohlraum
════════════════════════════════════════════════════════════════
  Zeiten [s]: {'netz': 0.124, 'aufbau_und_loesen': 0.731, 'spannungen_mohr_coulomb': 0.521, 'paraview_export': 0.419, 'schnittgroessen_und_ausgabe': 0.45, 'gesamt_im_skript': 2.245}
