════════════════════════════════════════════════════════════════
  TUNNELBAU  –  2-D FEM (EVZ, linear-elastisch)
════════════════════════════════════════════════════════════════
  Netz … OK  (3,619 Elemente  |  1,895 Knoten  |  P2)
  Systemaufstellung & Lösung … OK
  max|ux| = 0.9652 mm   |   max|uy| = 2.2661 mm
  Spannungsauswertung … OK
  Ergebnisse schreiben … OK
  Schnittgrößen aus Verformung (Ringkinematik) … OK
     N(θ):   -924.6 …   -466.5  kN/m
     M(θ):    -19.0 …     20.1  kNm/m
     → /home/fenics/project/results/benchmark_fem/lauf_22/schnittgroessen_ring.csv
     → /home/fenics/project/results/benchmark_fem/lauf_22/schnittgroessen_ring.png

════════════════════════════════════════════════════════════════
  ERGEBNISSE  –  ÜBERSICHT
════════════════════════════════════════════════════════════════
  Geometrie  : 50×50 m | Achse (25|-18) m | D = 5 m | t = 0.23 m
  Netz       : 3,619 Elemente  |  1,895 Knoten  (P2)

  ── Verschiebungen  Δu  (NUR aus Tunneleinbau, K0-Verfahren) ────────
     max|ux|  =     0.9652 mm
     max|uy|  =     2.2661 mm   ← dominante Setzungskomponente
     K0 (Jaky) = 0.4925   [1 – sin(30.5°)]

  ── Betonschale  ─────────────────────────────────────────────────────
     |σ_θθ|_max  =    5674.1  kN/m²  (Tangentialspannung)
     N_Mittel    ≈    -725.4  kN/m   (Normalkraft, Membrananteil, aus σ_θθ)
     σ_vM,max    =     5.141  MPa

  ── Schnittgrößen aus Verformung  (Ringkinematik, Abschn. 11)  ───────
     M(θ)  =     -19.0 kNm/m  bei θ=270.0°   …       20.1 kNm/m  bei θ=357.0°
     N(θ)  =    -924.6  kN/m  bei θ=354.0°   …     -466.5  kN/m  bei θ= 90.0°
     (θ = 0° bei x=x_Achse, mathematisch positiv; EA=8.15 GN/m, EI=35.91 MNm²/m)

  ── Boden  –  Mohr-Coulomb  ──────────────────────────────────────────
     η_max = 1.138  ⚠  FLIESSGRENZE ÜBERSCHRITTEN!
             Linear-elastisches Modell nicht ausreichend.
             → Elastoplastisches Modell (MC-Return-Mapping) nötig.

  ── Ergebnisdateien  (in ParaView öffnen)  ───────────────────────────
     /home/fenics/project/results/benchmark_fem/lauf_22/disp.xdmf
     /home/fenics/project/results/benchmark_fem/lauf_22/sigma_xx.xdmf
     /home/fenics/project/results/benchmark_fem/lauf_22/sigma_yy.xdmf
     /home/fenics/project/results/benchmark_fem/lauf_22/sigma_xx_gesamt.xdmf
     /home/fenics/project/results/benchmark_fem/lauf_22/sigma_yy_gesamt.xdmf
     /home/fenics/project/results/benchmark_fem/lauf_22/tau_xy.xdmf
     /home/fenics/project/results/benchmark_fem/lauf_22/sigma_zz.xdmf
     /home/fenics/project/results/benchmark_fem/lauf_22/sigma_vMises.xdmf
     /home/fenics/project/results/benchmark_fem/lauf_22/sigma_tangential.xdmf
     /home/fenics/project/results/benchmark_fem/lauf_22/sigma_radial.xdmf
     /home/fenics/project/results/benchmark_fem/lauf_22/MC_Ausnutzung.xdmf
     /home/fenics/project/results/benchmark_fem/lauf_22/Material_ID.xdmf
     /home/fenics/project/results/benchmark_fem/lauf_22/schnittgroessen_ring.csv
     /home/fenics/project/results/benchmark_fem/lauf_22/schnittgroessen_ring.png

  Tipp ParaView: File → Open → Mehrere .xdmf gleichzeitig laden,
  dann 'Warp by Vector' (Faktor ~200) für Verformungsdarstellung.
  Material_ID: 1=Boden | 2=Betonschale | 3=Hohlraum
════════════════════════════════════════════════════════════════
  Zeiten [s]: {'netz': 0.121, 'aufbau_und_loesen': 0.768, 'spannungen_mohr_coulomb': 0.267, 'paraview_export': 0.431, 'schnittgroessen_und_ausgabe': 0.408, 'gesamt_im_skript': 1.994}
