════════════════════════════════════════════════════════════════
  TUNNELBAU  –  2-D FEM (EVZ, linear-elastisch)
════════════════════════════════════════════════════════════════
  Netz … OK  (3,859 Elemente  |  2,015 Knoten  |  P2)
  Systemaufstellung & Lösung … OK
  max|ux| = 1.3648 mm   |   max|uy| = 2.9170 mm
  Spannungsauswertung … OK
  Ergebnisse schreiben … OK
  Schnittgrößen aus Verformung (Ringkinematik) … OK
     N(θ):   -966.8 …   -488.1  kN/m
     M(θ):    -70.3 …     71.6  kNm/m
     → /home/fenics/project/results/benchmark_fem/lauf_21/schnittgroessen_ring.csv
     → /home/fenics/project/results/benchmark_fem/lauf_21/schnittgroessen_ring.png

════════════════════════════════════════════════════════════════
  ERGEBNISSE  –  ÜBERSICHT
════════════════════════════════════════════════════════════════
  Geometrie  : 50×50 m | Achse (25|-18) m | D = 5 m | t = 0.33 m
  Netz       : 3,859 Elemente  |  2,015 Knoten  (P2)

  ── Verschiebungen  Δu  (NUR aus Tunneleinbau, K0-Verfahren) ────────
     max|ux|  =     1.3648 mm
     max|uy|  =     2.9170 mm   ← dominante Setzungskomponente
     K0 (Jaky) = 0.4701   [1 – sin(32.0°)]

  ── Betonschale  ─────────────────────────────────────────────────────
     |σ_θθ|_max  =    6389.7  kN/m²  (Tangentialspannung)
     N_Mittel    ≈    -766.0  kN/m   (Normalkraft, Membrananteil, aus σ_θθ)
     σ_vM,max    =     5.800  MPa

  ── Schnittgrößen aus Verformung  (Ringkinematik, Abschn. 11)  ───────
     M(θ)  =     -70.3 kNm/m  bei θ=270.0°   …       71.6 kNm/m  bei θ=183.0°
     N(θ)  =    -966.8  kN/m  bei θ=353.0°   …     -488.1  kN/m  bei θ= 90.0°
     (θ = 0° bei x=x_Achse, mathematisch positiv; EA=11.69 GN/m, EI=106.06 MNm²/m)

  ── Boden  –  Mohr-Coulomb  ──────────────────────────────────────────
     η_max = 1.116  ⚠  FLIESSGRENZE ÜBERSCHRITTEN!
             Linear-elastisches Modell nicht ausreichend.
             → Elastoplastisches Modell (MC-Return-Mapping) nötig.

  ── Ergebnisdateien  (in ParaView öffnen)  ───────────────────────────
     /home/fenics/project/results/benchmark_fem/lauf_21/disp.xdmf
     /home/fenics/project/results/benchmark_fem/lauf_21/sigma_xx.xdmf
     /home/fenics/project/results/benchmark_fem/lauf_21/sigma_yy.xdmf
     /home/fenics/project/results/benchmark_fem/lauf_21/sigma_xx_gesamt.xdmf
     /home/fenics/project/results/benchmark_fem/lauf_21/sigma_yy_gesamt.xdmf
     /home/fenics/project/results/benchmark_fem/lauf_21/tau_xy.xdmf
     /home/fenics/project/results/benchmark_fem/lauf_21/sigma_zz.xdmf
     /home/fenics/project/results/benchmark_fem/lauf_21/sigma_vMises.xdmf
     /home/fenics/project/results/benchmark_fem/lauf_21/sigma_tangential.xdmf
     /home/fenics/project/results/benchmark_fem/lauf_21/sigma_radial.xdmf
     /home/fenics/project/results/benchmark_fem/lauf_21/MC_Ausnutzung.xdmf
     /home/fenics/project/results/benchmark_fem/lauf_21/Material_ID.xdmf
     /home/fenics/project/results/benchmark_fem/lauf_21/schnittgroessen_ring.csv
     /home/fenics/project/results/benchmark_fem/lauf_21/schnittgroessen_ring.png

  Tipp ParaView: File → Open → Mehrere .xdmf gleichzeitig laden,
  dann 'Warp by Vector' (Faktor ~200) für Verformungsdarstellung.
  Material_ID: 1=Boden | 2=Betonschale | 3=Hohlraum
════════════════════════════════════════════════════════════════
  Zeiten [s]: {'netz': 0.118, 'aufbau_und_loesen': 0.722, 'spannungen_mohr_coulomb': 0.414, 'paraview_export': 0.382, 'schnittgroessen_und_ausgabe': 0.376, 'gesamt_im_skript': 2.012}
