════════════════════════════════════════════════════════════════
  TUNNELBAU  –  2-D FEM (EVZ, linear-elastisch)
════════════════════════════════════════════════════════════════
  Netz … OK  (3,915 Elemente  |  2,043 Knoten  |  P2)
  Systemaufstellung & Lösung … OK
  max|ux| = 2.4674 mm   |   max|uy| = 3.7106 mm
  Spannungsauswertung … OK
  Ergebnisse schreiben … OK
  Schnittgrößen aus Verformung (Ringkinematik) … OK
     N(θ):  -1558.2 …   -836.2  kN/m
     M(θ):   -195.0 …    201.5  kNm/m
     → /home/fenics/project/results/benchmark_fem/lauf_30/schnittgroessen_ring.csv
     → /home/fenics/project/results/benchmark_fem/lauf_30/schnittgroessen_ring.png

════════════════════════════════════════════════════════════════
  ERGEBNISSE  –  ÜBERSICHT
════════════════════════════════════════════════════════════════
  Geometrie  : 50×50 m | Achse (25|-32) m | D = 5 m | t = 0.39 m
  Netz       : 3,915 Elemente  |  2,043 Knoten  (P2)

  ── Verschiebungen  Δu  (NUR aus Tunneleinbau, K0-Verfahren) ────────
     max|ux|  =     2.4674 mm
     max|uy|  =     3.7106 mm   ← dominante Setzungskomponente
     K0 (Jaky) = 0.4481   [1 – sin(33.5°)]

  ── Betonschale  ─────────────────────────────────────────────────────
     |σ_θθ|_max  =   10768.8  kN/m²  (Tangentialspannung)
     N_Mittel    ≈   -1244.8  kN/m   (Normalkraft, Membrananteil, aus σ_θθ)
     σ_vM,max    =     9.745  MPa

  ── Schnittgrößen aus Verformung  (Ringkinematik, Abschn. 11)  ───────
     M(θ)  =    -195.0 kNm/m  bei θ=270.0°   …      201.5 kNm/m  bei θ=359.0°
     N(θ)  =   -1558.2  kN/m  bei θ=357.0°   …     -836.2  kN/m  bei θ= 90.0°
     (θ = 0° bei x=x_Achse, mathematisch positiv; EA=13.81 GN/m, EI=175.07 MNm²/m)

  ── Boden  –  Mohr-Coulomb  ──────────────────────────────────────────
     η_max = 1.033  ⚠  FLIESSGRENZE ÜBERSCHRITTEN!
             Linear-elastisches Modell nicht ausreichend.
             → Elastoplastisches Modell (MC-Return-Mapping) nötig.

  ── Ergebnisdateien  (in ParaView öffnen)  ───────────────────────────
     /home/fenics/project/results/benchmark_fem/lauf_30/disp.xdmf
     /home/fenics/project/results/benchmark_fem/lauf_30/sigma_xx.xdmf
     /home/fenics/project/results/benchmark_fem/lauf_30/sigma_yy.xdmf
     /home/fenics/project/results/benchmark_fem/lauf_30/sigma_xx_gesamt.xdmf
     /home/fenics/project/results/benchmark_fem/lauf_30/sigma_yy_gesamt.xdmf
     /home/fenics/project/results/benchmark_fem/lauf_30/tau_xy.xdmf
     /home/fenics/project/results/benchmark_fem/lauf_30/sigma_zz.xdmf
     /home/fenics/project/results/benchmark_fem/lauf_30/sigma_vMises.xdmf
     /home/fenics/project/results/benchmark_fem/lauf_30/sigma_tangential.xdmf
     /home/fenics/project/results/benchmark_fem/lauf_30/sigma_radial.xdmf
     /home/fenics/project/results/benchmark_fem/lauf_30/MC_Ausnutzung.xdmf
     /home/fenics/project/results/benchmark_fem/lauf_30/Material_ID.xdmf
     /home/fenics/project/results/benchmark_fem/lauf_30/schnittgroessen_ring.csv
     /home/fenics/project/results/benchmark_fem/lauf_30/schnittgroessen_ring.png

  Tipp ParaView: File → Open → Mehrere .xdmf gleichzeitig laden,
  dann 'Warp by Vector' (Faktor ~200) für Verformungsdarstellung.
  Material_ID: 1=Boden | 2=Betonschale | 3=Hohlraum
════════════════════════════════════════════════════════════════
  Zeiten [s]: {'netz': 0.121, 'aufbau_und_loesen': 0.753, 'spannungen_mohr_coulomb': 0.144, 'paraview_export': 0.402, 'schnittgroessen_und_ausgabe': 0.368, 'gesamt_im_skript': 1.788}
