════════════════════════════════════════════════════════════════
  TUNNELBAU  –  2-D FEM (EVZ, linear-elastisch)
════════════════════════════════════════════════════════════════
  Netz … OK  (3,709 Elemente  |  1,940 Knoten  |  P2)
  Systemaufstellung & Lösung … OK
  max|ux| = 1.5786 mm   |   max|uy| = 3.1891 mm
  Spannungsauswertung … OK
  Ergebnisse schreiben … OK
  Schnittgrößen aus Verformung (Ringkinematik) … OK
     N(θ):  -1176.9 …   -688.8  kN/m
     M(θ):    -56.5 …     59.0  kNm/m
     → /home/fenics/project/results/benchmark_fem/lauf_08/schnittgroessen_ring.csv
     → /home/fenics/project/results/benchmark_fem/lauf_08/schnittgroessen_ring.png

════════════════════════════════════════════════════════════════
  ERGEBNISSE  –  ÜBERSICHT
════════════════════════════════════════════════════════════════
  Geometrie  : 50×50 m | Achse (25|-23) m | D = 5 m | t = 0.29 m
  Netz       : 3,709 Elemente  |  1,940 Knoten  (P2)

  ── Verschiebungen  Δu  (NUR aus Tunneleinbau, K0-Verfahren) ────────
     max|ux|  =     1.5786 mm
     max|uy|  =     3.1891 mm   ← dominante Setzungskomponente
     K0 (Jaky) = 0.5538   [1 – sin(26.5°)]

  ── Betonschale  ─────────────────────────────────────────────────────
     |σ_θθ|_max  =    7105.6  kN/m²  (Tangentialspannung)
     N_Mittel    ≈    -971.9  kN/m   (Normalkraft, Membrananteil, aus σ_θθ)
     σ_vM,max    =     6.419  MPa

  ── Schnittgrößen aus Verformung  (Ringkinematik, Abschn. 11)  ───────
     M(θ)  =     -56.5 kNm/m  bei θ=270.0°   …       59.0 kNm/m  bei θ=182.0°
     N(θ)  =   -1176.9  kN/m  bei θ=185.0°   …     -688.8  kN/m  bei θ= 90.0°
     (θ = 0° bei x=x_Achse, mathematisch positiv; EA=10.27 GN/m, EI=71.98 MNm²/m)

  ── Boden  –  Mohr-Coulomb  ──────────────────────────────────────────
     η_max = 1.042  ⚠  FLIESSGRENZE ÜBERSCHRITTEN!
             Linear-elastisches Modell nicht ausreichend.
             → Elastoplastisches Modell (MC-Return-Mapping) nötig.

  ── Ergebnisdateien  (in ParaView öffnen)  ───────────────────────────
     /home/fenics/project/results/benchmark_fem/lauf_08/disp.xdmf
     /home/fenics/project/results/benchmark_fem/lauf_08/sigma_xx.xdmf
     /home/fenics/project/results/benchmark_fem/lauf_08/sigma_yy.xdmf
     /home/fenics/project/results/benchmark_fem/lauf_08/sigma_xx_gesamt.xdmf
     /home/fenics/project/results/benchmark_fem/lauf_08/sigma_yy_gesamt.xdmf
     /home/fenics/project/results/benchmark_fem/lauf_08/tau_xy.xdmf
     /home/fenics/project/results/benchmark_fem/lauf_08/sigma_zz.xdmf
     /home/fenics/project/results/benchmark_fem/lauf_08/sigma_vMises.xdmf
     /home/fenics/project/results/benchmark_fem/lauf_08/sigma_tangential.xdmf
     /home/fenics/project/results/benchmark_fem/lauf_08/sigma_radial.xdmf
     /home/fenics/project/results/benchmark_fem/lauf_08/MC_Ausnutzung.xdmf
     /home/fenics/project/results/benchmark_fem/lauf_08/Material_ID.xdmf
     /home/fenics/project/results/benchmark_fem/lauf_08/schnittgroessen_ring.csv
     /home/fenics/project/results/benchmark_fem/lauf_08/schnittgroessen_ring.png

  Tipp ParaView: File → Open → Mehrere .xdmf gleichzeitig laden,
  dann 'Warp by Vector' (Faktor ~200) für Verformungsdarstellung.
  Material_ID: 1=Boden | 2=Betonschale | 3=Hohlraum
════════════════════════════════════════════════════════════════
  Zeiten [s]: {'netz': 0.124, 'aufbau_und_loesen': 0.767, 'spannungen_mohr_coulomb': 0.439, 'paraview_export': 0.424, 'schnittgroessen_und_ausgabe': 0.361, 'gesamt_im_skript': 2.116}
