════════════════════════════════════════════════════════════════
  TUNNELBAU  –  2-D FEM (EVZ, linear-elastisch)
════════════════════════════════════════════════════════════════
  Netz … OK  (4,251 Elemente  |  2,211 Knoten  |  P2)
  Systemaufstellung & Lösung … OK
  max|ux| = 2.3492 mm   |   max|uy| = 5.4125 mm
  Spannungsauswertung … OK
  Ergebnisse schreiben … OK
  Schnittgrößen aus Verformung (Ringkinematik) … OK
     N(θ):  -1434.6 …   -911.6  kN/m
     M(θ):   -312.6 …    321.3  kNm/m
     → /home/fenics/project/results/benchmark_fem/lauf_19/schnittgroessen_ring.csv
     → /home/fenics/project/results/benchmark_fem/lauf_19/schnittgroessen_ring.png

════════════════════════════════════════════════════════════════
  ERGEBNISSE  –  ÜBERSICHT
════════════════════════════════════════════════════════════════
  Geometrie  : 50×50 m | Achse (25|-26) m | D = 5 m | t = 0.47 m
  Netz       : 4,251 Elemente  |  2,211 Knoten  (P2)

  ── Verschiebungen  Δu  (NUR aus Tunneleinbau, K0-Verfahren) ────────
     max|ux|  =     2.3492 mm
     max|uy|  =     5.4125 mm   ← dominante Setzungskomponente
     K0 (Jaky) = 0.5152   [1 – sin(29.0°)]

  ── Betonschale  ─────────────────────────────────────────────────────
     |σ_θθ|_max  =   10808.5  kN/m²  (Tangentialspannung)
     N_Mittel    ≈   -1225.3  kN/m   (Normalkraft, Membrananteil, aus σ_θθ)
     σ_vM,max    =     9.784  MPa

  ── Schnittgrößen aus Verformung  (Ringkinematik, Abschn. 11)  ───────
     M(θ)  =    -312.6 kNm/m  bei θ=270.0°   …      321.3 kNm/m  bei θ=181.0°
     N(θ)  =   -1434.6  kN/m  bei θ=354.0°   …     -911.6  kN/m  bei θ= 91.0°
     (θ = 0° bei x=x_Achse, mathematisch positiv; EA=16.65 GN/m, EI=306.42 MNm²/m)

  ── Boden  –  Mohr-Coulomb  ──────────────────────────────────────────
     η_max = 0.870  ✓  Boden bleibt im elastischen Bereich.

  ── Ergebnisdateien  (in ParaView öffnen)  ───────────────────────────
     /home/fenics/project/results/benchmark_fem/lauf_19/disp.xdmf
     /home/fenics/project/results/benchmark_fem/lauf_19/sigma_xx.xdmf
     /home/fenics/project/results/benchmark_fem/lauf_19/sigma_yy.xdmf
     /home/fenics/project/results/benchmark_fem/lauf_19/sigma_xx_gesamt.xdmf
     /home/fenics/project/results/benchmark_fem/lauf_19/sigma_yy_gesamt.xdmf
     /home/fenics/project/results/benchmark_fem/lauf_19/tau_xy.xdmf
     /home/fenics/project/results/benchmark_fem/lauf_19/sigma_zz.xdmf
     /home/fenics/project/results/benchmark_fem/lauf_19/sigma_vMises.xdmf
     /home/fenics/project/results/benchmark_fem/lauf_19/sigma_tangential.xdmf
     /home/fenics/project/results/benchmark_fem/lauf_19/sigma_radial.xdmf
     /home/fenics/project/results/benchmark_fem/lauf_19/MC_Ausnutzung.xdmf
     /home/fenics/project/results/benchmark_fem/lauf_19/Material_ID.xdmf
     /home/fenics/project/results/benchmark_fem/lauf_19/schnittgroessen_ring.csv
     /home/fenics/project/results/benchmark_fem/lauf_19/schnittgroessen_ring.png

  Tipp ParaView: File → Open → Mehrere .xdmf gleichzeitig laden,
  dann 'Warp by Vector' (Faktor ~200) für Verformungsdarstellung.
  Material_ID: 1=Boden | 2=Betonschale | 3=Hohlraum
════════════════════════════════════════════════════════════════
  Zeiten [s]: {'netz': 0.127, 'aufbau_und_loesen': 0.755, 'spannungen_mohr_coulomb': 0.153, 'paraview_export': 0.409, 'schnittgroessen_und_ausgabe': 0.376, 'gesamt_im_skript': 1.819}
