════════════════════════════════════════════════════════════════
  TUNNELBAU  –  2-D FEM (EVZ, linear-elastisch)
════════════════════════════════════════════════════════════════
  Netz … OK  (4,133 Elemente  |  2,152 Knoten  |  P2)
  Systemaufstellung & Lösung … OK
  max|ux| = 0.6474 mm   |   max|uy| = 1.5001 mm
  Spannungsauswertung … OK
  Ergebnisse schreiben … OK
  Schnittgrößen aus Verformung (Ringkinematik) … OK
     N(θ):   -851.6 …   -417.6  kN/m
     M(θ):    -83.3 …     86.9  kNm/m
     → /home/fenics/project/results/benchmark_fem/lauf_13/schnittgroessen_ring.csv
     → /home/fenics/project/results/benchmark_fem/lauf_13/schnittgroessen_ring.png

════════════════════════════════════════════════════════════════
  ERGEBNISSE  –  ÜBERSICHT
════════════════════════════════════════════════════════════════
  Geometrie  : 50×50 m | Achse (25|-17) m | D = 5 m | t = 0.45 m
  Netz       : 4,133 Elemente  |  2,152 Knoten  (P2)

  ── Verschiebungen  Δu  (NUR aus Tunneleinbau, K0-Verfahren) ────────
     max|ux|  =     0.6474 mm
     max|uy|  =     1.5001 mm   ← dominante Setzungskomponente
     K0 (Jaky) = 0.4627   [1 – sin(32.5°)]

  ── Betonschale  ─────────────────────────────────────────────────────
     |σ_θθ|_max  =    4196.2  kN/m²  (Tangentialspannung)
     N_Mittel    ≈    -666.4  kN/m   (Normalkraft, Membrananteil, aus σ_θθ)
     σ_vM,max    =     3.802  MPa

  ── Schnittgrößen aus Verformung  (Ringkinematik, Abschn. 11)  ───────
     M(θ)  =     -83.3 kNm/m  bei θ=270.0°   …       86.9 kNm/m  bei θ=357.0°
     N(θ)  =    -851.6  kN/m  bei θ=353.0°   …     -417.6  kN/m  bei θ= 90.0°
     (θ = 0° bei x=x_Achse, mathematisch positiv; EA=15.94 GN/m, EI=268.95 MNm²/m)

  ── Boden  –  Mohr-Coulomb  ──────────────────────────────────────────
     η_max = 1.096  ⚠  FLIESSGRENZE ÜBERSCHRITTEN!
             Linear-elastisches Modell nicht ausreichend.
             → Elastoplastisches Modell (MC-Return-Mapping) nötig.

  ── Ergebnisdateien  (in ParaView öffnen)  ───────────────────────────
     /home/fenics/project/results/benchmark_fem/lauf_13/disp.xdmf
     /home/fenics/project/results/benchmark_fem/lauf_13/sigma_xx.xdmf
     /home/fenics/project/results/benchmark_fem/lauf_13/sigma_yy.xdmf
     /home/fenics/project/results/benchmark_fem/lauf_13/sigma_xx_gesamt.xdmf
     /home/fenics/project/results/benchmark_fem/lauf_13/sigma_yy_gesamt.xdmf
     /home/fenics/project/results/benchmark_fem/lauf_13/tau_xy.xdmf
     /home/fenics/project/results/benchmark_fem/lauf_13/sigma_zz.xdmf
     /home/fenics/project/results/benchmark_fem/lauf_13/sigma_vMises.xdmf
     /home/fenics/project/results/benchmark_fem/lauf_13/sigma_tangential.xdmf
     /home/fenics/project/results/benchmark_fem/lauf_13/sigma_radial.xdmf
     /home/fenics/project/results/benchmark_fem/lauf_13/MC_Ausnutzung.xdmf
     /home/fenics/project/results/benchmark_fem/lauf_13/Material_ID.xdmf
     /home/fenics/project/results/benchmark_fem/lauf_13/schnittgroessen_ring.csv
     /home/fenics/project/results/benchmark_fem/lauf_13/schnittgroessen_ring.png

  Tipp ParaView: File → Open → Mehrere .xdmf gleichzeitig laden,
  dann 'Warp by Vector' (Faktor ~200) für Verformungsdarstellung.
  Material_ID: 1=Boden | 2=Betonschale | 3=Hohlraum
════════════════════════════════════════════════════════════════
  Zeiten [s]: {'netz': 0.117, 'aufbau_und_loesen': 0.752, 'spannungen_mohr_coulomb': 0.528, 'paraview_export': 0.413, 'schnittgroessen_und_ausgabe': 0.416, 'gesamt_im_skript': 2.225}
