════════════════════════════════════════════════════════════════
  TUNNELBAU  –  2-D FEM (EVZ, linear-elastisch)
════════════════════════════════════════════════════════════════
  Netz … OK  (4,021 Elemente  |  2,096 Knoten  |  P2)
  Systemaufstellung & Lösung … OK
  max|ux| = 0.9768 mm   |   max|uy| = 1.8154 mm
  Spannungsauswertung … OK
  Ergebnisse schreiben … OK
  Schnittgrößen aus Verformung (Ringkinematik) … OK
     N(θ):  -1396.8 …   -737.6  kN/m
     M(θ):   -109.9 …    118.1  kNm/m
     → /home/fenics/project/results/benchmark_fem/lauf_24/schnittgroessen_ring.csv
     → /home/fenics/project/results/benchmark_fem/lauf_24/schnittgroessen_ring.png

════════════════════════════════════════════════════════════════
  ERGEBNISSE  –  ÜBERSICHT
════════════════════════════════════════════════════════════════
  Geometrie  : 50×50 m | Achse (25|-27) m | D = 5 m | t = 0.43 m
  Netz       : 4,021 Elemente  |  2,096 Knoten  (P2)

  ── Verschiebungen  Δu  (NUR aus Tunneleinbau, K0-Verfahren) ────────
     max|ux|  =     0.9768 mm
     max|uy|  =     1.8154 mm   ← dominante Setzungskomponente
     K0 (Jaky) = 0.4850   [1 – sin(31.0°)]

  ── Betonschale  ─────────────────────────────────────────────────────
     |σ_θθ|_max  =    6597.9  kN/m²  (Tangentialspannung)
     N_Mittel    ≈   -1116.3  kN/m   (Normalkraft, Membrananteil, aus σ_θθ)
     σ_vM,max    =     5.969  MPa

  ── Schnittgrößen aus Verformung  (Ringkinematik, Abschn. 11)  ───────
     M(θ)  =    -109.9 kNm/m  bei θ=270.0°   …      118.1 kNm/m  bei θ=358.0°
     N(θ)  =   -1396.8  kN/m  bei θ=184.0°   …     -737.6  kN/m  bei θ= 90.0°
     (θ = 0° bei x=x_Achse, mathematisch positiv; EA=15.23 GN/m, EI=234.66 MNm²/m)

  ── Boden  –  Mohr-Coulomb  ──────────────────────────────────────────
     η_max = 1.060  ⚠  FLIESSGRENZE ÜBERSCHRITTEN!
             Linear-elastisches Modell nicht ausreichend.
             → Elastoplastisches Modell (MC-Return-Mapping) nötig.

  ── Ergebnisdateien  (in ParaView öffnen)  ───────────────────────────
     /home/fenics/project/results/benchmark_fem/lauf_24/disp.xdmf
     /home/fenics/project/results/benchmark_fem/lauf_24/sigma_xx.xdmf
     /home/fenics/project/results/benchmark_fem/lauf_24/sigma_yy.xdmf
     /home/fenics/project/results/benchmark_fem/lauf_24/sigma_xx_gesamt.xdmf
     /home/fenics/project/results/benchmark_fem/lauf_24/sigma_yy_gesamt.xdmf
     /home/fenics/project/results/benchmark_fem/lauf_24/tau_xy.xdmf
     /home/fenics/project/results/benchmark_fem/lauf_24/sigma_zz.xdmf
     /home/fenics/project/results/benchmark_fem/lauf_24/sigma_vMises.xdmf
     /home/fenics/project/results/benchmark_fem/lauf_24/sigma_tangential.xdmf
     /home/fenics/project/results/benchmark_fem/lauf_24/sigma_radial.xdmf
     /home/fenics/project/results/benchmark_fem/lauf_24/MC_Ausnutzung.xdmf
     /home/fenics/project/results/benchmark_fem/lauf_24/Material_ID.xdmf
     /home/fenics/project/results/benchmark_fem/lauf_24/schnittgroessen_ring.csv
     /home/fenics/project/results/benchmark_fem/lauf_24/schnittgroessen_ring.png

  Tipp ParaView: File → Open → Mehrere .xdmf gleichzeitig laden,
  dann 'Warp by Vector' (Faktor ~200) für Verformungsdarstellung.
  Material_ID: 1=Boden | 2=Betonschale | 3=Hohlraum
════════════════════════════════════════════════════════════════
  Zeiten [s]: {'netz': 0.118, 'aufbau_und_loesen': 0.749, 'spannungen_mohr_coulomb': 0.152, 'paraview_export': 0.578, 'schnittgroessen_und_ausgabe': 0.403, 'gesamt_im_skript': 1.999}
