════════════════════════════════════════════════════════════════
  TUNNELBAU  –  2-D FEM (EVZ, linear-elastisch)
════════════════════════════════════════════════════════════════
  Netz … OK  (3,679 Elemente  |  1,925 Knoten  |  P2)
  Systemaufstellung & Lösung … OK
  max|ux| = 1.3900 mm   |   max|uy| = 2.5797 mm
  Spannungsauswertung … OK
  Ergebnisse schreiben … OK
  Schnittgrößen aus Verformung (Ringkinematik) … OK
     N(θ):  -1271.2 …   -669.0  kN/m
     M(θ):    -29.9 …     32.1  kNm/m
     → /home/fenics/project/results/benchmark_fem/lauf_05/schnittgroessen_ring.csv
     → /home/fenics/project/results/benchmark_fem/lauf_05/schnittgroessen_ring.png

════════════════════════════════════════════════════════════════
  ERGEBNISSE  –  ÜBERSICHT
════════════════════════════════════════════════════════════════
  Geometrie  : 50×50 m | Achse (25|-27) m | D = 5 m | t = 0.24 m
  Netz       : 3,679 Elemente  |  1,925 Knoten  (P2)

  ── Verschiebungen  Δu  (NUR aus Tunneleinbau, K0-Verfahren) ────────
     max|ux|  =     1.3900 mm
     max|uy|  =     2.5797 mm   ← dominante Setzungskomponente
     K0 (Jaky) = 0.4925   [1 – sin(30.5°)]

  ── Betonschale  ─────────────────────────────────────────────────────
     |σ_θθ|_max  =    7708.9  kN/m²  (Tangentialspannung)
     N_Mittel    ≈   -1003.2  kN/m   (Normalkraft, Membrananteil, aus σ_θθ)
     σ_vM,max    =     6.980  MPa

  ── Schnittgrößen aus Verformung  (Ringkinematik, Abschn. 11)  ───────
     M(θ)  =     -29.9 kNm/m  bei θ=270.0°   …       32.1 kNm/m  bei θ=358.0°
     N(θ)  =   -1271.2  kN/m  bei θ=184.0°   …     -669.0  kN/m  bei θ= 90.0°
     (θ = 0° bei x=x_Achse, mathematisch positiv; EA=8.50 GN/m, EI=40.80 MNm²/m)

  ── Boden  –  Mohr-Coulomb  ──────────────────────────────────────────
     η_max = 1.105  ⚠  FLIESSGRENZE ÜBERSCHRITTEN!
             Linear-elastisches Modell nicht ausreichend.
             → Elastoplastisches Modell (MC-Return-Mapping) nötig.

  ── Ergebnisdateien  (in ParaView öffnen)  ───────────────────────────
     /home/fenics/project/results/benchmark_fem/lauf_05/disp.xdmf
     /home/fenics/project/results/benchmark_fem/lauf_05/sigma_xx.xdmf
     /home/fenics/project/results/benchmark_fem/lauf_05/sigma_yy.xdmf
     /home/fenics/project/results/benchmark_fem/lauf_05/sigma_xx_gesamt.xdmf
     /home/fenics/project/results/benchmark_fem/lauf_05/sigma_yy_gesamt.xdmf
     /home/fenics/project/results/benchmark_fem/lauf_05/tau_xy.xdmf
     /home/fenics/project/results/benchmark_fem/lauf_05/sigma_zz.xdmf
     /home/fenics/project/results/benchmark_fem/lauf_05/sigma_vMises.xdmf
     /home/fenics/project/results/benchmark_fem/lauf_05/sigma_tangential.xdmf
     /home/fenics/project/results/benchmark_fem/lauf_05/sigma_radial.xdmf
     /home/fenics/project/results/benchmark_fem/lauf_05/MC_Ausnutzung.xdmf
     /home/fenics/project/results/benchmark_fem/lauf_05/Material_ID.xdmf
     /home/fenics/project/results/benchmark_fem/lauf_05/schnittgroessen_ring.csv
     /home/fenics/project/results/benchmark_fem/lauf_05/schnittgroessen_ring.png

  Tipp ParaView: File → Open → Mehrere .xdmf gleichzeitig laden,
  dann 'Warp by Vector' (Faktor ~200) für Verformungsdarstellung.
  Material_ID: 1=Boden | 2=Betonschale | 3=Hohlraum
════════════════════════════════════════════════════════════════
  Zeiten [s]: {'netz': 0.126, 'aufbau_und_loesen': 0.745, 'spannungen_mohr_coulomb': 0.43, 'paraview_export': 0.904, 'schnittgroessen_und_ausgabe': 0.374, 'gesamt_im_skript': 2.578}
