════════════════════════════════════════════════════════════════
  TUNNELBAU  –  2-D FEM (EVZ, linear-elastisch)
════════════════════════════════════════════════════════════════
  Netz … OK  (3,924 Elemente  |  2,048 Knoten  |  P2)
  Systemaufstellung & Lösung … OK
  max|ux| = 1.3077 mm   |   max|uy| = 3.2372 mm
  Spannungsauswertung … OK
  Ergebnisse schreiben … OK
  Schnittgrößen aus Verformung (Ringkinematik) … OK
     N(θ):   -791.6 …   -428.7  kN/m
     M(θ):    -98.8 …     99.4  kNm/m
     → /home/fenics/project/results/benchmark_fem/lauf_23/schnittgroessen_ring.csv
     → /home/fenics/project/results/benchmark_fem/lauf_23/schnittgroessen_ring.png

════════════════════════════════════════════════════════════════
  ERGEBNISSE  –  ÜBERSICHT
════════════════════════════════════════════════════════════════
  Geometrie  : 50×50 m | Achse (25|-16) m | D = 5 m | t = 0.38 m
  Netz       : 3,924 Elemente  |  2,048 Knoten  (P2)

  ── Verschiebungen  Δu  (NUR aus Tunneleinbau, K0-Verfahren) ────────
     max|ux|  =     1.3077 mm
     max|uy|  =     3.2372 mm   ← dominante Setzungskomponente
     K0 (Jaky) = 0.4925   [1 – sin(30.5°)]

  ── Betonschale  ─────────────────────────────────────────────────────
     |σ_θθ|_max  =    5581.4  kN/m²  (Tangentialspannung)
     N_Mittel    ≈    -644.1  kN/m   (Normalkraft, Membrananteil, aus σ_θθ)
     σ_vM,max    =     5.052  MPa

  ── Schnittgrößen aus Verformung  (Ringkinematik, Abschn. 11)  ───────
     M(θ)  =     -98.8 kNm/m  bei θ=270.0°   …       99.4 kNm/m  bei θ=182.0°
     N(θ)  =    -791.6  kN/m  bei θ=188.0°   …     -428.7  kN/m  bei θ= 90.0°
     (θ = 0° bei x=x_Achse, mathematisch positiv; EA=13.46 GN/m, EI=161.95 MNm²/m)

  ── Boden  –  Mohr-Coulomb  ──────────────────────────────────────────
     η_max = 1.036  ⚠  FLIESSGRENZE ÜBERSCHRITTEN!
             Linear-elastisches Modell nicht ausreichend.
             → Elastoplastisches Modell (MC-Return-Mapping) nötig.

  ── Ergebnisdateien  (in ParaView öffnen)  ───────────────────────────
     /home/fenics/project/results/benchmark_fem/lauf_23/disp.xdmf
     /home/fenics/project/results/benchmark_fem/lauf_23/sigma_xx.xdmf
     /home/fenics/project/results/benchmark_fem/lauf_23/sigma_yy.xdmf
     /home/fenics/project/results/benchmark_fem/lauf_23/sigma_xx_gesamt.xdmf
     /home/fenics/project/results/benchmark_fem/lauf_23/sigma_yy_gesamt.xdmf
     /home/fenics/project/results/benchmark_fem/lauf_23/tau_xy.xdmf
     /home/fenics/project/results/benchmark_fem/lauf_23/sigma_zz.xdmf
     /home/fenics/project/results/benchmark_fem/lauf_23/sigma_vMises.xdmf
     /home/fenics/project/results/benchmark_fem/lauf_23/sigma_tangential.xdmf
     /home/fenics/project/results/benchmark_fem/lauf_23/sigma_radial.xdmf
     /home/fenics/project/results/benchmark_fem/lauf_23/MC_Ausnutzung.xdmf
     /home/fenics/project/results/benchmark_fem/lauf_23/Material_ID.xdmf
     /home/fenics/project/results/benchmark_fem/lauf_23/schnittgroessen_ring.csv
     /home/fenics/project/results/benchmark_fem/lauf_23/schnittgroessen_ring.png

  Tipp ParaView: File → Open → Mehrere .xdmf gleichzeitig laden,
  dann 'Warp by Vector' (Faktor ~200) für Verformungsdarstellung.
  Material_ID: 1=Boden | 2=Betonschale | 3=Hohlraum
════════════════════════════════════════════════════════════════
  Zeiten [s]: {'netz': 0.12, 'aufbau_und_loesen': 0.852, 'spannungen_mohr_coulomb': 0.175, 'paraview_export': 0.393, 'schnittgroessen_und_ausgabe': 0.387, 'gesamt_im_skript': 1.929}
