════════════════════════════════════════════════════════════════
  TUNNELBAU  –  2-D FEM (EVZ, linear-elastisch)
════════════════════════════════════════════════════════════════
  Netz … OK  (3,886 Elemente  |  2,029 Knoten  |  P2)
  Systemaufstellung & Lösung … OK
  max|ux| = 0.8654 mm   |   max|uy| = 1.8775 mm
  Spannungsauswertung … OK
  Ergebnisse schreiben … OK
  Schnittgrößen aus Verformung (Ringkinematik) … OK
     N(θ):   -729.9 …   -332.2  kN/m
     M(θ):    -42.0 …     42.7  kNm/m
     → /home/fenics/project/results/benchmark_fem/lauf_04/schnittgroessen_ring.csv
     → /home/fenics/project/results/benchmark_fem/lauf_04/schnittgroessen_ring.png

════════════════════════════════════════════════════════════════
  ERGEBNISSE  –  ÜBERSICHT
════════════════════════════════════════════════════════════════
  Geometrie  : 50×50 m | Achse (25|-16) m | D = 5 m | t = 0.32 m
  Netz       : 3,886 Elemente  |  2,029 Knoten  (P2)

  ── Verschiebungen  Δu  (NUR aus Tunneleinbau, K0-Verfahren) ────────
     max|ux|  =     0.8654 mm
     max|uy|  =     1.8775 mm   ← dominante Setzungskomponente
     K0 (Jaky) = 0.4336   [1 – sin(34.5°)]

  ── Betonschale  ─────────────────────────────────────────────────────
     |σ_θθ|_max  =    4296.1  kN/m²  (Tangentialspannung)
     N_Mittel    ≈    -555.8  kN/m   (Normalkraft, Membrananteil, aus σ_θθ)
     σ_vM,max    =     3.888  MPa

  ── Schnittgrößen aus Verformung  (Ringkinematik, Abschn. 11)  ───────
     M(θ)  =     -42.0 kNm/m  bei θ=270.0°   …       42.7 kNm/m  bei θ=183.0°
     N(θ)  =    -729.9  kN/m  bei θ=186.0°   …     -332.2  kN/m  bei θ= 90.0°
     (θ = 0° bei x=x_Achse, mathematisch positiv; EA=11.33 GN/m, EI=96.71 MNm²/m)

  ── Boden  –  Mohr-Coulomb  ──────────────────────────────────────────
     η_max = 1.181  ⚠  FLIESSGRENZE ÜBERSCHRITTEN!
             Linear-elastisches Modell nicht ausreichend.
             → Elastoplastisches Modell (MC-Return-Mapping) nötig.

  ── Ergebnisdateien  (in ParaView öffnen)  ───────────────────────────
     /home/fenics/project/results/benchmark_fem/lauf_04/disp.xdmf
     /home/fenics/project/results/benchmark_fem/lauf_04/sigma_xx.xdmf
     /home/fenics/project/results/benchmark_fem/lauf_04/sigma_yy.xdmf
     /home/fenics/project/results/benchmark_fem/lauf_04/sigma_xx_gesamt.xdmf
     /home/fenics/project/results/benchmark_fem/lauf_04/sigma_yy_gesamt.xdmf
     /home/fenics/project/results/benchmark_fem/lauf_04/tau_xy.xdmf
     /home/fenics/project/results/benchmark_fem/lauf_04/sigma_zz.xdmf
     /home/fenics/project/results/benchmark_fem/lauf_04/sigma_vMises.xdmf
     /home/fenics/project/results/benchmark_fem/lauf_04/sigma_tangential.xdmf
     /home/fenics/project/results/benchmark_fem/lauf_04/sigma_radial.xdmf
     /home/fenics/project/results/benchmark_fem/lauf_04/MC_Ausnutzung.xdmf
     /home/fenics/project/results/benchmark_fem/lauf_04/Material_ID.xdmf
     /home/fenics/project/results/benchmark_fem/lauf_04/schnittgroessen_ring.csv
     /home/fenics/project/results/benchmark_fem/lauf_04/schnittgroessen_ring.png

  Tipp ParaView: File → Open → Mehrere .xdmf gleichzeitig laden,
  dann 'Warp by Vector' (Faktor ~200) für Verformungsdarstellung.
  Material_ID: 1=Boden | 2=Betonschale | 3=Hohlraum
════════════════════════════════════════════════════════════════
  Zeiten [s]: {'netz': 0.124, 'aufbau_und_loesen': 0.745, 'spannungen_mohr_coulomb': 0.257, 'paraview_export': 0.533, 'schnittgroessen_und_ausgabe': 0.375, 'gesamt_im_skript': 2.034}
