════════════════════════════════════════════════════════════════
  TUNNELBAU  –  2-D FEM (EVZ, linear-elastisch)
════════════════════════════════════════════════════════════════
  Netz … OK  (4,031 Elemente  |  2,101 Knoten  |  P2)
  Systemaufstellung & Lösung … OK
  max|ux| = 0.9739 mm   |   max|uy| = 2.1422 mm
  Spannungsauswertung … OK
  Ergebnisse schreiben … OK
  Schnittgrößen aus Verformung (Ringkinematik) … OK
     N(θ):  -1093.4 …   -619.9  kN/m
     M(θ):    -94.7 …     99.7  kNm/m
     → /home/fenics/project/results/benchmark_fem/lauf_09/schnittgroessen_ring.csv
     → /home/fenics/project/results/benchmark_fem/lauf_09/schnittgroessen_ring.png

════════════════════════════════════════════════════════════════
  ERGEBNISSE  –  ÜBERSICHT
════════════════════════════════════════════════════════════════
  Geometrie  : 50×50 m | Achse (25|-21) m | D = 5 m | t = 0.41 m
  Netz       : 4,031 Elemente  |  2,101 Knoten  (P2)

  ── Verschiebungen  Δu  (NUR aus Tunneleinbau, K0-Verfahren) ────────
     max|ux|  =     0.9739 mm
     max|uy|  =     2.1422 mm   ← dominante Setzungskomponente
     K0 (Jaky) = 0.5305   [1 – sin(28.0°)]

  ── Betonschale  ─────────────────────────────────────────────────────
     |σ_θθ|_max  =    5649.7  kN/m²  (Tangentialspannung)
     N_Mittel    ≈    -898.5  kN/m   (Normalkraft, Membrananteil, aus σ_θθ)
     σ_vM,max    =     5.107  MPa

  ── Schnittgrößen aus Verformung  (Ringkinematik, Abschn. 11)  ───────
     M(θ)  =     -94.7 kNm/m  bei θ=270.0°   …       99.7 kNm/m  bei θ=182.0°
     N(θ)  =   -1093.4  kN/m  bei θ=186.0°   …     -619.9  kN/m  bei θ= 90.0°
     (θ = 0° bei x=x_Achse, mathematisch positiv; EA=14.52 GN/m, EI=203.41 MNm²/m)

  ── Boden  –  Mohr-Coulomb  ──────────────────────────────────────────
     η_max = 1.025  ⚠  FLIESSGRENZE ÜBERSCHRITTEN!
             Linear-elastisches Modell nicht ausreichend.
             → Elastoplastisches Modell (MC-Return-Mapping) nötig.

  ── Ergebnisdateien  (in ParaView öffnen)  ───────────────────────────
     /home/fenics/project/results/benchmark_fem/lauf_09/disp.xdmf
     /home/fenics/project/results/benchmark_fem/lauf_09/sigma_xx.xdmf
     /home/fenics/project/results/benchmark_fem/lauf_09/sigma_yy.xdmf
     /home/fenics/project/results/benchmark_fem/lauf_09/sigma_xx_gesamt.xdmf
     /home/fenics/project/results/benchmark_fem/lauf_09/sigma_yy_gesamt.xdmf
     /home/fenics/project/results/benchmark_fem/lauf_09/tau_xy.xdmf
     /home/fenics/project/results/benchmark_fem/lauf_09/sigma_zz.xdmf
     /home/fenics/project/results/benchmark_fem/lauf_09/sigma_vMises.xdmf
     /home/fenics/project/results/benchmark_fem/lauf_09/sigma_tangential.xdmf
     /home/fenics/project/results/benchmark_fem/lauf_09/sigma_radial.xdmf
     /home/fenics/project/results/benchmark_fem/lauf_09/MC_Ausnutzung.xdmf
     /home/fenics/project/results/benchmark_fem/lauf_09/Material_ID.xdmf
     /home/fenics/project/results/benchmark_fem/lauf_09/schnittgroessen_ring.csv
     /home/fenics/project/results/benchmark_fem/lauf_09/schnittgroessen_ring.png

  Tipp ParaView: File → Open → Mehrere .xdmf gleichzeitig laden,
  dann 'Warp by Vector' (Faktor ~200) für Verformungsdarstellung.
  Material_ID: 1=Boden | 2=Betonschale | 3=Hohlraum
════════════════════════════════════════════════════════════════
  Zeiten [s]: {'netz': 0.119, 'aufbau_und_loesen': 0.739, 'spannungen_mohr_coulomb': 0.523, 'paraview_export': 0.527, 'schnittgroessen_und_ausgabe': 0.434, 'gesamt_im_skript': 2.342}
