════════════════════════════════════════════════════════════════
  TUNNELBAU  –  2-D FEM (EVZ, linear-elastisch)
════════════════════════════════════════════════════════════════
  Netz … OK  (3,637 Elemente  |  1,904 Knoten  |  P2)
  Systemaufstellung & Lösung … OK
  max|ux| = 1.7606 mm   |   max|uy| = 3.0050 mm
  Spannungsauswertung … OK
  Ergebnisse schreiben … OK
  Schnittgrößen aus Verformung (Ringkinematik) … OK
     N(θ):  -1561.8 …   -869.5  kN/m
     M(θ):    -41.8 …     45.2  kNm/m
     → /home/fenics/project/results/benchmark_fem/lauf_10/schnittgroessen_ring.csv
     → /home/fenics/project/results/benchmark_fem/lauf_10/schnittgroessen_ring.png

════════════════════════════════════════════════════════════════
  ERGEBNISSE  –  ÜBERSICHT
════════════════════════════════════════════════════════════════
  Geometrie  : 50×50 m | Achse (25|-32) m | D = 5 m | t = 0.25 m
  Netz       : 3,637 Elemente  |  1,904 Knoten  (P2)

  ── Verschiebungen  Δu  (NUR aus Tunneleinbau, K0-Verfahren) ────────
     max|ux|  =     1.7606 mm
     max|uy|  =     3.0050 mm   ← dominante Setzungskomponente
     K0 (Jaky) = 0.5152   [1 – sin(29.0°)]

  ── Betonschale  ─────────────────────────────────────────────────────
     |σ_θθ|_max  =    9459.3  kN/m²  (Tangentialspannung)
     N_Mittel    ≈   -1255.0  kN/m   (Normalkraft, Membrananteil, aus σ_θθ)
     σ_vM,max    =     8.564  MPa

  ── Schnittgrößen aus Verformung  (Ringkinematik, Abschn. 11)  ───────
     M(θ)  =     -41.8 kNm/m  bei θ=270.0°   …       45.2 kNm/m  bei θ=182.0°
     N(θ)  =   -1561.8  kN/m  bei θ=357.0°   …     -869.5  kN/m  bei θ= 90.0°
     (θ = 0° bei x=x_Achse, mathematisch positiv; EA=8.85 GN/m, EI=46.12 MNm²/m)

  ── Boden  –  Mohr-Coulomb  ──────────────────────────────────────────
     η_max = 1.066  ⚠  FLIESSGRENZE ÜBERSCHRITTEN!
             Linear-elastisches Modell nicht ausreichend.
             → Elastoplastisches Modell (MC-Return-Mapping) nötig.

  ── Ergebnisdateien  (in ParaView öffnen)  ───────────────────────────
     /home/fenics/project/results/benchmark_fem/lauf_10/disp.xdmf
     /home/fenics/project/results/benchmark_fem/lauf_10/sigma_xx.xdmf
     /home/fenics/project/results/benchmark_fem/lauf_10/sigma_yy.xdmf
     /home/fenics/project/results/benchmark_fem/lauf_10/sigma_xx_gesamt.xdmf
     /home/fenics/project/results/benchmark_fem/lauf_10/sigma_yy_gesamt.xdmf
     /home/fenics/project/results/benchmark_fem/lauf_10/tau_xy.xdmf
     /home/fenics/project/results/benchmark_fem/lauf_10/sigma_zz.xdmf
     /home/fenics/project/results/benchmark_fem/lauf_10/sigma_vMises.xdmf
     /home/fenics/project/results/benchmark_fem/lauf_10/sigma_tangential.xdmf
     /home/fenics/project/results/benchmark_fem/lauf_10/sigma_radial.xdmf
     /home/fenics/project/results/benchmark_fem/lauf_10/MC_Ausnutzung.xdmf
     /home/fenics/project/results/benchmark_fem/lauf_10/Material_ID.xdmf
     /home/fenics/project/results/benchmark_fem/lauf_10/schnittgroessen_ring.csv
     /home/fenics/project/results/benchmark_fem/lauf_10/schnittgroessen_ring.png

  Tipp ParaView: File → Open → Mehrere .xdmf gleichzeitig laden,
  dann 'Warp by Vector' (Faktor ~200) für Verformungsdarstellung.
  Material_ID: 1=Boden | 2=Betonschale | 3=Hohlraum
════════════════════════════════════════════════════════════════
  Zeiten [s]: {'netz': 0.117, 'aufbau_und_loesen': 0.718, 'spannungen_mohr_coulomb': 0.523, 'paraview_export': 0.504, 'schnittgroessen_und_ausgabe': 0.439, 'gesamt_im_skript': 2.301}
