════════════════════════════════════════════════════════════════
  TUNNELBAU  –  2-D FEM (EVZ, linear-elastisch)
════════════════════════════════════════════════════════════════
  Netz … OK  (4,121 Elemente  |  2,146 Knoten  |  P2)
  Systemaufstellung & Lösung … OK
  max|ux| = 1.1465 mm   |   max|uy| = 2.8151 mm
  Spannungsauswertung … OK
  Ergebnisse schreiben … OK
  Schnittgrößen aus Verformung (Ringkinematik) … OK
     N(θ):  -1177.4 …   -726.5  kN/m
     M(θ):   -133.9 …    140.3  kNm/m
     → /home/fenics/project/results/benchmark_fem/lauf_16/schnittgroessen_ring.csv
     → /home/fenics/project/results/benchmark_fem/lauf_16/schnittgroessen_ring.png

════════════════════════════════════════════════════════════════
  ERGEBNISSE  –  ÜBERSICHT
════════════════════════════════════════════════════════════════
  Geometrie  : 50×50 m | Achse (25|-21) m | D = 5 m | t = 0.44 m
  Netz       : 4,121 Elemente  |  2,146 Knoten  (P2)

  ── Verschiebungen  Δu  (NUR aus Tunneleinbau, K0-Verfahren) ────────
     max|ux|  =     1.1465 mm
     max|uy|  =     2.8151 mm   ← dominante Setzungskomponente
     K0 (Jaky) = 0.5695   [1 – sin(25.5°)]

  ── Betonschale  ─────────────────────────────────────────────────────
     |σ_θθ|_max  =    6540.3  kN/m²  (Tangentialspannung)
     N_Mittel    ≈   -1004.8  kN/m   (Normalkraft, Membrananteil, aus σ_θθ)
     σ_vM,max    =     5.922  MPa

  ── Schnittgrößen aus Verformung  (Ringkinematik, Abschn. 11)  ───────
     M(θ)  =    -133.9 kNm/m  bei θ=270.0°   …      140.3 kNm/m  bei θ=358.0°
     N(θ)  =   -1177.4  kN/m  bei θ=187.0°   …     -726.5  kN/m  bei θ= 90.0°
     (θ = 0° bei x=x_Achse, mathematisch positiv; EA=15.58 GN/m, EI=251.41 MNm²/m)

  ── Boden  –  Mohr-Coulomb  ──────────────────────────────────────────
     η_max = 0.958  ✓  Boden bleibt im elastischen Bereich.

  ── Ergebnisdateien  (in ParaView öffnen)  ───────────────────────────
     /home/fenics/project/results/benchmark_fem/lauf_16/disp.xdmf
     /home/fenics/project/results/benchmark_fem/lauf_16/sigma_xx.xdmf
     /home/fenics/project/results/benchmark_fem/lauf_16/sigma_yy.xdmf
     /home/fenics/project/results/benchmark_fem/lauf_16/sigma_xx_gesamt.xdmf
     /home/fenics/project/results/benchmark_fem/lauf_16/sigma_yy_gesamt.xdmf
     /home/fenics/project/results/benchmark_fem/lauf_16/tau_xy.xdmf
     /home/fenics/project/results/benchmark_fem/lauf_16/sigma_zz.xdmf
     /home/fenics/project/results/benchmark_fem/lauf_16/sigma_vMises.xdmf
     /home/fenics/project/results/benchmark_fem/lauf_16/sigma_tangential.xdmf
     /home/fenics/project/results/benchmark_fem/lauf_16/sigma_radial.xdmf
     /home/fenics/project/results/benchmark_fem/lauf_16/MC_Ausnutzung.xdmf
     /home/fenics/project/results/benchmark_fem/lauf_16/Material_ID.xdmf
     /home/fenics/project/results/benchmark_fem/lauf_16/schnittgroessen_ring.csv
     /home/fenics/project/results/benchmark_fem/lauf_16/schnittgroessen_ring.png

  Tipp ParaView: File → Open → Mehrere .xdmf gleichzeitig laden,
  dann 'Warp by Vector' (Faktor ~200) für Verformungsdarstellung.
  Material_ID: 1=Boden | 2=Betonschale | 3=Hohlraum
════════════════════════════════════════════════════════════════
  Zeiten [s]: {'netz': 0.123, 'aufbau_und_loesen': 0.743, 'spannungen_mohr_coulomb': 0.258, 'paraview_export': 0.397, 'schnittgroessen_und_ausgabe': 0.362, 'gesamt_im_skript': 1.883}
