════════════════════════════════════════════════════════════════
  TUNNELBAU  –  2-D FEM (EVZ, linear-elastisch)
════════════════════════════════════════════════════════════════
  Netz … OK  (3,809 Elemente  |  1,990 Knoten  |  P2)
  Systemaufstellung & Lösung … OK
  max|ux| = 3.6453 mm   |   max|uy| = 5.4525 mm
  Spannungsauswertung … OK
  Ergebnisse schreiben … OK
  Schnittgrößen aus Verformung (Ringkinematik) … OK
     N(θ):  -1619.4 …   -864.9  kN/m
     M(θ):   -148.5 …    151.9  kNm/m
     → /home/fenics/project/results/benchmark_fem/lauf_28/schnittgroessen_ring.csv
     → /home/fenics/project/results/benchmark_fem/lauf_28/schnittgroessen_ring.png

════════════════════════════════════════════════════════════════
  ERGEBNISSE  –  ÜBERSICHT
════════════════════════════════════════════════════════════════
  Geometrie  : 50×50 m | Achse (25|-31) m | D = 5 m | t = 0.31 m
  Netz       : 3,809 Elemente  |  1,990 Knoten  (P2)

  ── Verschiebungen  Δu  (NUR aus Tunneleinbau, K0-Verfahren) ────────
     max|ux|  =     3.6453 mm
     max|uy|  =     5.4525 mm   ← dominante Setzungskomponente
     K0 (Jaky) = 0.4554   [1 – sin(33.0°)]

  ── Betonschale  ─────────────────────────────────────────────────────
     |σ_θθ|_max  =   12814.3  kN/m²  (Tangentialspannung)
     N_Mittel    ≈   -1268.2  kN/m   (Normalkraft, Membrananteil, aus σ_θθ)
     σ_vM,max    =    11.599  MPa

  ── Schnittgrößen aus Verformung  (Ringkinematik, Abschn. 11)  ───────
     M(θ)  =    -148.5 kNm/m  bei θ=270.0°   …      151.9 kNm/m  bei θ=181.0°
     N(θ)  =   -1619.4  kN/m  bei θ=183.0°   …     -864.9  kN/m  bei θ= 91.0°
     (θ = 0° bei x=x_Achse, mathematisch positiv; EA=10.98 GN/m, EI=87.92 MNm²/m)

  ── Boden  –  Mohr-Coulomb  ──────────────────────────────────────────
     η_max = 1.067  ⚠  FLIESSGRENZE ÜBERSCHRITTEN!
             Linear-elastisches Modell nicht ausreichend.
             → Elastoplastisches Modell (MC-Return-Mapping) nötig.

  ── Ergebnisdateien  (in ParaView öffnen)  ───────────────────────────
     /home/fenics/project/results/benchmark_fem/lauf_28/disp.xdmf
     /home/fenics/project/results/benchmark_fem/lauf_28/sigma_xx.xdmf
     /home/fenics/project/results/benchmark_fem/lauf_28/sigma_yy.xdmf
     /home/fenics/project/results/benchmark_fem/lauf_28/sigma_xx_gesamt.xdmf
     /home/fenics/project/results/benchmark_fem/lauf_28/sigma_yy_gesamt.xdmf
     /home/fenics/project/results/benchmark_fem/lauf_28/tau_xy.xdmf
     /home/fenics/project/results/benchmark_fem/lauf_28/sigma_zz.xdmf
     /home/fenics/project/results/benchmark_fem/lauf_28/sigma_vMises.xdmf
     /home/fenics/project/results/benchmark_fem/lauf_28/sigma_tangential.xdmf
     /home/fenics/project/results/benchmark_fem/lauf_28/sigma_radial.xdmf
     /home/fenics/project/results/benchmark_fem/lauf_28/MC_Ausnutzung.xdmf
     /home/fenics/project/results/benchmark_fem/lauf_28/Material_ID.xdmf
     /home/fenics/project/results/benchmark_fem/lauf_28/schnittgroessen_ring.csv
     /home/fenics/project/results/benchmark_fem/lauf_28/schnittgroessen_ring.png

  Tipp ParaView: File → Open → Mehrere .xdmf gleichzeitig laden,
  dann 'Warp by Vector' (Faktor ~200) für Verformungsdarstellung.
  Material_ID: 1=Boden | 2=Betonschale | 3=Hohlraum
════════════════════════════════════════════════════════════════
  Zeiten [s]: {'netz': 0.118, 'aufbau_und_loesen': 0.752, 'spannungen_mohr_coulomb': 0.15, 'paraview_export': 0.499, 'schnittgroessen_und_ausgabe': 0.401, 'gesamt_im_skript': 1.92}
