════════════════════════════════════════════════════════════════
  TUNNELBAU  –  2-D FEM (EVZ, linear-elastisch)
════════════════════════════════════════════════════════════════
  Netz … OK  (3,919 Elemente  |  2,045 Knoten  |  P2)
  Systemaufstellung & Lösung … OK
  max|ux| = 0.7743 mm   |   max|uy| = 1.7537 mm
  Spannungsauswertung … OK
  Ergebnisse schreiben … OK
  Schnittgrößen aus Verformung (Ringkinematik) … OK
     N(θ):  -1127.8 …   -635.5  kN/m
     M(θ):    -50.7 …     55.0  kNm/m
     → /home/fenics/project/results/benchmark_fem/lauf_03/schnittgroessen_ring.csv
     → /home/fenics/project/results/benchmark_fem/lauf_03/schnittgroessen_ring.png

════════════════════════════════════════════════════════════════
  ERGEBNISSE  –  ÜBERSICHT
════════════════════════════════════════════════════════════════
  Geometrie  : 50×50 m | Achse (25|-22) m | D = 5 m | t = 0.35 m
  Netz       : 3,919 Elemente  |  2,045 Knoten  (P2)

  ── Verschiebungen  Δu  (NUR aus Tunneleinbau, K0-Verfahren) ────────
     max|ux|  =     0.7743 mm
     max|uy|  =     1.7537 mm   ← dominante Setzungskomponente
     K0 (Jaky) = 0.5460   [1 – sin(27.0°)]

  ── Betonschale  ─────────────────────────────────────────────────────
     |σ_θθ|_max  =    5495.3  kN/m²  (Tangentialspannung)
     N_Mittel    ≈    -919.8  kN/m   (Normalkraft, Membrananteil, aus σ_θθ)
     σ_vM,max    =     4.984  MPa

  ── Schnittgrößen aus Verformung  (Ringkinematik, Abschn. 11)  ───────
     M(θ)  =     -50.7 kNm/m  bei θ=270.0°   …       55.0 kNm/m  bei θ=182.0°
     N(θ)  =   -1127.8  kN/m  bei θ=185.0°   …     -635.5  kN/m  bei θ= 90.0°
     (θ = 0° bei x=x_Achse, mathematisch positiv; EA=12.40 GN/m, EI=126.54 MNm²/m)

  ── Boden  –  Mohr-Coulomb  ──────────────────────────────────────────
     η_max = 1.054  ⚠  FLIESSGRENZE ÜBERSCHRITTEN!
             Linear-elastisches Modell nicht ausreichend.
             → Elastoplastisches Modell (MC-Return-Mapping) nötig.

  ── Ergebnisdateien  (in ParaView öffnen)  ───────────────────────────
     /home/fenics/project/results/benchmark_fem/lauf_03/disp.xdmf
     /home/fenics/project/results/benchmark_fem/lauf_03/sigma_xx.xdmf
     /home/fenics/project/results/benchmark_fem/lauf_03/sigma_yy.xdmf
     /home/fenics/project/results/benchmark_fem/lauf_03/sigma_xx_gesamt.xdmf
     /home/fenics/project/results/benchmark_fem/lauf_03/sigma_yy_gesamt.xdmf
     /home/fenics/project/results/benchmark_fem/lauf_03/tau_xy.xdmf
     /home/fenics/project/results/benchmark_fem/lauf_03/sigma_zz.xdmf
     /home/fenics/project/results/benchmark_fem/lauf_03/sigma_vMises.xdmf
     /home/fenics/project/results/benchmark_fem/lauf_03/sigma_tangential.xdmf
     /home/fenics/project/results/benchmark_fem/lauf_03/sigma_radial.xdmf
     /home/fenics/project/results/benchmark_fem/lauf_03/MC_Ausnutzung.xdmf
     /home/fenics/project/results/benchmark_fem/lauf_03/Material_ID.xdmf
     /home/fenics/project/results/benchmark_fem/lauf_03/schnittgroessen_ring.csv
     /home/fenics/project/results/benchmark_fem/lauf_03/schnittgroessen_ring.png

  Tipp ParaView: File → Open → Mehrere .xdmf gleichzeitig laden,
  dann 'Warp by Vector' (Faktor ~200) für Verformungsdarstellung.
  Material_ID: 1=Boden | 2=Betonschale | 3=Hohlraum
════════════════════════════════════════════════════════════════
  Zeiten [s]: {'netz': 0.117, 'aufbau_und_loesen': 0.769, 'spannungen_mohr_coulomb': 0.538, 'paraview_export': 0.496, 'schnittgroessen_und_ausgabe': 0.422, 'gesamt_im_skript': 2.342}
