════════════════════════════════════════════════════════════════
  TUNNELBAU  –  2-D FEM (EVZ, linear-elastisch)
════════════════════════════════════════════════════════════════
  Netz … OK  (3,931 Elemente  |  2,051 Knoten  |  P2)
  Systemaufstellung & Lösung … OK
  max|ux| = 0.9632 mm   |   max|uy| = 1.6755 mm
  Spannungsauswertung … OK
  Ergebnisse schreiben … OK
  Schnittgrößen aus Verformung (Ringkinematik) … OK
     N(θ):  -1573.9 …   -881.7  kN/m
     M(θ):   -102.7 …    113.3  kNm/m
     → /home/fenics/project/results/benchmark_fem/lauf_27/schnittgroessen_ring.csv
     → /home/fenics/project/results/benchmark_fem/lauf_27/schnittgroessen_ring.png

════════════════════════════════════════════════════════════════
  ERGEBNISSE  –  ÜBERSICHT
════════════════════════════════════════════════════════════════
  Geometrie  : 50×50 m | Achse (25|-33) m | D = 5 m | t = 0.42 m
  Netz       : 3,931 Elemente  |  2,051 Knoten  (P2)

  ── Verschiebungen  Δu  (NUR aus Tunneleinbau, K0-Verfahren) ────────
     max|ux|  =     0.9632 mm
     max|uy|  =     1.6755 mm   ← dominante Setzungskomponente
     K0 (Jaky) = 0.5152   [1 – sin(29.0°)]

  ── Betonschale  ─────────────────────────────────────────────────────
     |σ_θθ|_max  =    7019.1  kN/m²  (Tangentialspannung)
     N_Mittel    ≈   -1276.0  kN/m   (Normalkraft, Membrananteil, aus σ_θθ)
     σ_vM,max    =     6.345  MPa

  ── Schnittgrößen aus Verformung  (Ringkinematik, Abschn. 11)  ───────
     M(θ)  =    -102.7 kNm/m  bei θ=270.0°   …      113.3 kNm/m  bei θ=181.0°
     N(θ)  =   -1573.9  kN/m  bei θ=357.0°   …     -881.7  kN/m  bei θ= 90.0°
     (θ = 0° bei x=x_Achse, mathematisch positiv; EA=14.88 GN/m, EI=218.66 MNm²/m)

  ── Boden  –  Mohr-Coulomb  ──────────────────────────────────────────
     η_max = 1.025  ⚠  FLIESSGRENZE ÜBERSCHRITTEN!
             Linear-elastisches Modell nicht ausreichend.
             → Elastoplastisches Modell (MC-Return-Mapping) nötig.

  ── Ergebnisdateien  (in ParaView öffnen)  ───────────────────────────
     /home/fenics/project/results/benchmark_fem/lauf_27/disp.xdmf
     /home/fenics/project/results/benchmark_fem/lauf_27/sigma_xx.xdmf
     /home/fenics/project/results/benchmark_fem/lauf_27/sigma_yy.xdmf
     /home/fenics/project/results/benchmark_fem/lauf_27/sigma_xx_gesamt.xdmf
     /home/fenics/project/results/benchmark_fem/lauf_27/sigma_yy_gesamt.xdmf
     /home/fenics/project/results/benchmark_fem/lauf_27/tau_xy.xdmf
     /home/fenics/project/results/benchmark_fem/lauf_27/sigma_zz.xdmf
     /home/fenics/project/results/benchmark_fem/lauf_27/sigma_vMises.xdmf
     /home/fenics/project/results/benchmark_fem/lauf_27/sigma_tangential.xdmf
     /home/fenics/project/results/benchmark_fem/lauf_27/sigma_radial.xdmf
     /home/fenics/project/results/benchmark_fem/lauf_27/MC_Ausnutzung.xdmf
     /home/fenics/project/results/benchmark_fem/lauf_27/Material_ID.xdmf
     /home/fenics/project/results/benchmark_fem/lauf_27/schnittgroessen_ring.csv
     /home/fenics/project/results/benchmark_fem/lauf_27/schnittgroessen_ring.png

  Tipp ParaView: File → Open → Mehrere .xdmf gleichzeitig laden,
  dann 'Warp by Vector' (Faktor ~200) für Verformungsdarstellung.
  Material_ID: 1=Boden | 2=Betonschale | 3=Hohlraum
════════════════════════════════════════════════════════════════
  Zeiten [s]: {'netz': 0.118, 'aufbau_und_loesen': 0.741, 'spannungen_mohr_coulomb': 0.422, 'paraview_export': 0.56, 'schnittgroessen_und_ausgabe': 0.378, 'gesamt_im_skript': 2.219}
