════════════════════════════════════════════════════════════════
  TUNNELBAU  –  2-D FEM (EVZ, linear-elastisch)
════════════════════════════════════════════════════════════════
  Netz … OK  (3,849 Elemente  |  2,010 Knoten  |  P2)
  Systemaufstellung & Lösung … OK
  max|ux| = 0.9870 mm   |   max|uy| = 1.9541 mm
  Spannungsauswertung … OK
  Ergebnisse schreiben … OK
  Schnittgrößen aus Verformung (Ringkinematik) … OK
     N(θ):  -1359.2 …   -801.0  kN/m
     M(θ):    -45.4 …     50.3  kNm/m
     → /home/fenics/project/results/benchmark_fem/lauf_11/schnittgroessen_ring.csv
     → /home/fenics/project/results/benchmark_fem/lauf_11/schnittgroessen_ring.png

════════════════════════════════════════════════════════════════
  ERGEBNISSE  –  ÜBERSICHT
════════════════════════════════════════════════════════════════
  Geometrie  : 50×50 m | Achse (25|-29) m | D = 5 m | t = 0.31 m
  Netz       : 3,849 Elemente  |  2,010 Knoten  (P2)

  ── Verschiebungen  Δu  (NUR aus Tunneleinbau, K0-Verfahren) ────────
     max|ux|  =     0.9870 mm
     max|uy|  =     1.9541 mm   ← dominante Setzungskomponente
     K0 (Jaky) = 0.5616   [1 – sin(26.0°)]

  ── Betonschale  ─────────────────────────────────────────────────────
     |σ_θθ|_max  =    6930.4  kN/m²  (Tangentialspannung)
     N_Mittel    ≈   -1115.0  kN/m   (Normalkraft, Membrananteil, aus σ_θθ)
     σ_vM,max    =     6.275  MPa

  ── Schnittgrößen aus Verformung  (Ringkinematik, Abschn. 11)  ───────
     M(θ)  =     -45.4 kNm/m  bei θ=270.0°   …       50.3 kNm/m  bei θ=182.0°
     N(θ)  =   -1359.2  kN/m  bei θ=184.0°   …     -801.0  kN/m  bei θ= 90.0°
     (θ = 0° bei x=x_Achse, mathematisch positiv; EA=10.98 GN/m, EI=87.92 MNm²/m)

  ── Boden  –  Mohr-Coulomb  ──────────────────────────────────────────
     η_max = 1.030  ⚠  FLIESSGRENZE ÜBERSCHRITTEN!
             Linear-elastisches Modell nicht ausreichend.
             → Elastoplastisches Modell (MC-Return-Mapping) nötig.

  ── Ergebnisdateien  (in ParaView öffnen)  ───────────────────────────
     /home/fenics/project/results/benchmark_fem/lauf_11/disp.xdmf
     /home/fenics/project/results/benchmark_fem/lauf_11/sigma_xx.xdmf
     /home/fenics/project/results/benchmark_fem/lauf_11/sigma_yy.xdmf
     /home/fenics/project/results/benchmark_fem/lauf_11/sigma_xx_gesamt.xdmf
     /home/fenics/project/results/benchmark_fem/lauf_11/sigma_yy_gesamt.xdmf
     /home/fenics/project/results/benchmark_fem/lauf_11/tau_xy.xdmf
     /home/fenics/project/results/benchmark_fem/lauf_11/sigma_zz.xdmf
     /home/fenics/project/results/benchmark_fem/lauf_11/sigma_vMises.xdmf
     /home/fenics/project/results/benchmark_fem/lauf_11/sigma_tangential.xdmf
     /home/fenics/project/results/benchmark_fem/lauf_11/sigma_radial.xdmf
     /home/fenics/project/results/benchmark_fem/lauf_11/MC_Ausnutzung.xdmf
     /home/fenics/project/results/benchmark_fem/lauf_11/Material_ID.xdmf
     /home/fenics/project/results/benchmark_fem/lauf_11/schnittgroessen_ring.csv
     /home/fenics/project/results/benchmark_fem/lauf_11/schnittgroessen_ring.png

  Tipp ParaView: File → Open → Mehrere .xdmf gleichzeitig laden,
  dann 'Warp by Vector' (Faktor ~200) für Verformungsdarstellung.
  Material_ID: 1=Boden | 2=Betonschale | 3=Hohlraum
════════════════════════════════════════════════════════════════
  Zeiten [s]: {'netz': 0.12, 'aufbau_und_loesen': 0.729, 'spannungen_mohr_coulomb': 0.59, 'paraview_export': 0.386, 'schnittgroessen_und_ausgabe': 0.418, 'gesamt_im_skript': 2.242}
